[www.uscholars.in/index.html]
[www.uscholars.in/favicon.png]
[backblue.gif]
[fade.gif]
[index.html]
[www.uscholars.in/_next/static/css/67e600afce5b0711.css]
[www.uscholars.in/_next/static/css/8392383b99ab14a9.css]
[www.uscholars.in/_next/static/css/addc7ca9fb5865df.css]
[www.uscholars.in/_next/static/css/f830a86723192d33.css]
[www.uscholars.in/_next/static/css/5319a5cc8a7d972c.css]
[www.uscholars.in/_next/static/chunks/webpack-ea15a6351837a5f4.js]
[www.uscholars.in/_next/static/chunks/polyfills-c67a75d1b6f99dc8.js]
[www.uscholars.in/_next/static/chunks/framework-5f4595e5518b5600.js]
[www.uscholars.in/_next/static/chunks/main-45b0cb646032c64a.js]
[www.uscholars.in/_next/static/chunks/pages/_app-96b5ffc3f73d4b4c.js]
[www.uscholars.in/_next/static/chunks/926-d3d65332299921cb.js]
[www.uscholars.in/_next/static/chunks/893-d95cdf503eea438e.js]
[www.uscholars.in/_next/static/chunks/545-f2c7a07b39c278dd.js]
[www.uscholars.in/_next/static/chunks/275-8ef827b0ecd83ca1.js]
[www.uscholars.in/_next/static/chunks/pages/index-f00f3176df964767.js]
[www.uscholars.in/_next/static/oelF-zJ1JgbDTcZcqYqDD/_buildManifest.js]
[www.uscholars.in/_next/static/oelF-zJ1JgbDTcZcqYqDD/_ssgManifest.js]
[www.uscholars.in/_next/speaker0d28.png]
[www.uscholars.in/_next/logo5aeee.png]
[www.uscholars.in/_next/menu9dd0.png]
[www.uscholars.in/services/profile-assessment.html]
[www.uscholars.in/_next/Group_13893_uDrkY1K7900.png]
[www.uscholars.in/services/admission-guidance.html]
[www.uscholars.in/_next/Group_1389494e4.png]
[www.uscholars.in/services/visa-guidance-and-interview-preparation.html]
[www.uscholars.in/_next/Group_13896_PltEzwT9c48.png]
[www.uscholars.in/services/student-education-loans.html]
[www.uscholars.in/_next/Group_13897_jR13eT1ea47.png]
[www.uscholars.in/services/student-accommodation.html]
[www.uscholars.in/_next/Group_13895_4jqiyhf8da2.png]
[www.uscholars.in/services/student-insurance.html]
[www.uscholars.in/_next/Group_13898_QqlzkyH1b6c.png]
[www.uscholars.in/services/student-referral-program.html]
[www.uscholars.in/_next/Group_13899_1oCnPKG5618.png]
[www.uscholars.in/services/student-bank-account.html]
[www.uscholars.in/_next/Student_Bank_Account_1_hF4VH07abb2.png]
[www.uscholars.in/study-abroad/study-in-uk.html]
[www.uscholars.in/_next/uk_1f3d9.png]
[www.uscholars.in/_next/usa_1c2a4.jpeg]
[www.uscholars.in/study-abroad/study-in-usa.html]
[www.uscholars.in/study-abroad/study-in-ireland.html]
[www.uscholars.in/_next/ireland3631.jpeg]
[www.uscholars.in/study-abroad/study-in-canada.html]
[www.uscholars.in/_next/Flag-Canadaaaf9.jpeg]
[www.uscholars.in/_next/9-2-australia-flag-png_5AS21Vjc15f.png]
[www.uscholars.in/study-abroad/study-in-australia.html]
[www.uscholars.in/_next/Flag_of_New_Zealand_mVZQl5l_X5txawmfe23.png]
[www.uscholars.in/study-abroad/study-in-new-zealand.html]
[www.uscholars.in/universities.html]
[www.uscholars.in/study-abroad-consultant-pune.html]
[www.uscholars.in/_next/image_7_d2yqd4Y6b5e.png]
[www.uscholars.in/study-abroad-consultant-mumbai.html]
[www.uscholars.in/_next/image_7_sOMKqTr2a38.png]
[www.uscholars.in/study-abroad-consultant-vadodara.html]
[www.uscholars.in/_next/image_7_uukDj5G4f7f.png]
[www.uscholars.in/contact-us.html]
[www.uscholars.in/about-us.html]
[www.uscholars.in/_next/1_11565.png]
[www.uscholars.in/_next/21f58a.png]
[www.uscholars.in/enquiry.html]
[www.uscholars.in/_/images/blurred.3d.delayed]
[www.uscholars.in/_next/3_2eaf4.png]
[www.uscholars.in/_next/arrow_forward596a.png]
[www.uscholars.in/_next/myuk-icons_0002_6-World-renowned-universities_cyUJiKQdf5f.png]
[www.uscholars.in/_next/myuk-icons_0002_6-World-renowned-universities_cyUJiKQca6b.png]
[www.uscholars.in/_next/myuk-icons_0005_3-Financial-benefits_w6DzDcyefa3.png]
[www.uscholars.in/_next/myuk-icons_0005_3-Financial-benefits_w6DzDcyb523.png]
[www.uscholars.in/_next/myuk-icons_0004_4-Unique-culture_eaSpFjda5cf.png]
[www.uscholars.in/_next/myuk-icons_0004_4-Unique-culture_eaSpFjdd71e.png]
[www.uscholars.in/_next/myuk-icons_0003_5-Work-while-you-study_DDvu8RK6954.png]
[www.uscholars.in/_next/myuk-icons_0003_5-Work-while-you-study_DDvu8RK857a.png]
[www.uscholars.in/_next/myuk-icons_0000_8-Post-study-work-visa_ARca6xv5ba7.png]
[www.uscholars.in/_next/myuk-icons_0000_8-Post-study-work-visa_ARca6xv5c9d.png]
[www.uscholars.in/_next/make_new_friends_iconsc847.png]
[www.uscholars.in/_next/make_new_friends_iconsc5ad.png]
[www.uscholars.in/_next/myuk-icons_0006_2-Brilliant-work-opportunities_0JH9A9ed49e.png]
[www.uscholars.in/_next/myuk-icons_0006_2-Brilliant-work-opportunities_0JH9A9e588c.png]
[www.uscholars.in/_next/myuk-icons_0001_7-Growing-Destination_wc3pC5ybeff.png]
[www.uscholars.in/_next/myuk-icons_0001_7-Growing-Destination_wc3pC5y3e80.png]
[www.uscholars.in/_next/image_21345a.png]
[www.uscholars.in/_next/image_201e71.png]
[www.uscholars.in/_next/image_19f456.png]
[www.uscholars.in/_next/image_1831bd.png]
[www.uscholars.in/_next/image_17ec80.png]
[www.uscholars.in/_next/logo-glasgow-university989f.png]
[www.uscholars.in/_next/edinburgh_logo6d14.png]
[www.uscholars.in/_next/image_156ff7.png]
[www.uscholars.in/_next/image_1441a3.png]
[www.uscholars.in/_next/University-of-Sheffield-logocedd.jpeg]
[www.uscholars.in/_next/arrow_back_iosbfe5.png]
[www.uscholars.in/_next/arrow_forward_ios54d3.png]
[www.uscholars.in/_next/UKba0c.png]
[www.uscholars.in/_next/Canada4b63.png]
[www.uscholars.in/_next/USAa60b.png]
[www.uscholars.in/_next/Irelandd320.png]
[www.uscholars.in/images/arrow_back_ios.svg]
[www.uscholars.in/images/arrow_forward_ios.svg]
[www.uscholars.in/_next/Heres-how-we-Help_0007_1-find-uni--courses5097.png]
[www.uscholars.in/_next/Heres-how-we-Help_0006_2-application14d9.png]
[www.uscholars.in/_next/Heres-how-we-Help_0005_3-Education-loanf545.png]
[www.uscholars.in/_next/Heres-how-we-Help_0004_4-visa972b.png]
[www.uscholars.in/_next/Heres-how-we-Help_0003_5-accommodationaaf8.png]
[www.uscholars.in/_next/Heres-how-we-Help_0002_6-student-isuranced59c.png]
[www.uscholars.in/_next/Heres-how-we-Help_0001_7-scholarship69a7.png]
[www.uscholars.in/student-scholarships.html]
[www.uscholars.in/_next/Heres-how-we-Help_0000_8-student-referal-programe7aba.png]
[www.uscholars.in/_next/Homepage_Illustrations_why_myukeducation-01_C6fW5i9cfe8.png]
[www.uscholars.in/_next/Homepage_Illustrations_why_myukeducation-02c39b.png]
[www.uscholars.in/_next/Homepage_Illustrations_why_myukeducation-03807f.png]
[www.uscholars.in/_next/uscholars-footer-logo-57518.png]
[www.uscholars.in/_next/fbe63d.png]
[www.uscholars.in/_next/insta51e8.png]
[www.uscholars.in/_next/wae3ac.png]
[www.uscholars.in/_next/tw3959.png]
[www.uscholars.in/uk-student-scholarships.html]
[www.uscholars.in/how-it-works.html]
[www.uscholars.in/why-study-abroad.html]
[www.uscholars.in/blog.html]
[www.uscholars.in/_next/phonea267.png]
[www.uscholars.in/_next/mailf1cb.png]
[www.uscholars.in/_next/location5ebf.png]
[www.uscholars.in/index.html]
[www.uscholars.in/_next/static/css/67e600afce5b0711.css]
[www.uscholars.in/_next/static/css/8392383b99ab14a9.css]
[www.uscholars.in/images/form-desktop-banner.png]
[www.uscholars.in/_next/static/css/addc7ca9fb5865df.css]
[www.uscholars.in/images/form-banner-mobile.png]
[www.uscholars.in/_next/static/css/f830a86723192d33.css]
[www.uscholars.in/_next/static/css/5319a5cc8a7d972c.css]
[www.uscholars.in/_next/static/css/9d67dfe3ef0537ee.css]
[www.uscholars.in/_next/static/chunks/1bfc9850-8d36fa7bda8cb6d6.js]
[www.uscholars.in/_next/static/chunks/1a48c3c1-197483f3bf229091.js]
[www.uscholars.in/_next/static/chunks/d0447323-c21f5e9ab597ecee.js]
[www.uscholars.in/_next/static/chunks/252f366e-4cd79d8f9c1a7592.js]
[www.uscholars.in/_next/static/chunks/31664189-3c6f83160a388f8a.js]
[www.uscholars.in/_next/static/chunks/6728d85a-e94ae98bc015baaf.js]
[www.uscholars.in/_next/static/chunks/545f34e4-5d596978f5a04c2d.js]
[www.uscholars.in/_next/static/chunks/7f0c75c1-c41f097732f5fa2f.js]
[www.uscholars.in/_next/static/chunks/0c428ae2-e8a403660eab7d27.js]
[www.uscholars.in/_next/static/chunks/pages/services/[slug]-6ded5678271ece39.js]
[www.uscholars.in/_next/service_herodf04.jpeg]
[www.uscholars.in/services/profile-assessment.html]
[www.uscholars.in/_next/static/css/df5a53f9daba5a24.css]
[www.uscholars.in/_next/static/chunks/pages/services/admission-guidance-9f848427cb1a95c5.js]
[www.uscholars.in/_next/Rectangle_4673_10081.png]
[www.uscholars.in/_next/image_119_2453a.png]
[www.uscholars.in/_next/image_119_37246.png]
[www.uscholars.in/_next/image_119_48ca6.png]
[www.uscholars.in/_next/image_119_55063.png]
[www.uscholars.in/_next/image_119_615f3.png]
[www.uscholars.in/services/admission-guidance.html]
[www.uscholars.in/_next/uk_university_imagec750.jpeg]
[www.uscholars.in/services/visa-guidance-and-interview-preparation.html]
[www.uscholars.in/_next/education-loan-hero-graphiccda2.png]
[www.uscholars.in/_next/Brand-logo_0005_amp-avanse-logo3d3f.png]
[www.uscholars.in/_next/Brand-logo_0003_download597a.png]
[www.uscholars.in/_next/Brand-logo_0001_logocf2a.png]
[www.uscholars.in/_next/Brand-logo_0007_2560px-Axis_Bank_logo31e1.png]
[www.uscholars.in/_next/Brand-logo_0009_4s0lI8FsXHlue9ngD570lwarbNj1605373904054_200x2005a4a.png]
[www.uscholars.in/_next/Brand-logo_0000_MPOWER_Financing_Logoef0b.png]
[www.uscholars.in/_next/Brand-logo_0010_1_1zPpFIslSIp7jnZjrUhjTg134e.png]
[www.uscholars.in/_next/Brand-logo_0008_5b4b562a0defe8e15e770d3b7616c0a624c0cc205678.png]
[www.uscholars.in/_next/Brand-logo_0006_2560px-ICICI_Bank_Logo314e.png]
[www.uscholars.in/services/student-education-loans.html]
[www.uscholars.in/_next/a704d.jpeg]
[www.uscholars.in/services/student-accommodation.html]
[www.uscholars.in/services/student-insurance.html]
[www.uscholars.in/_next/refer_and_earn_banner-299f8.png]
[www.uscholars.in/services/student-referral-program.html]
[www.uscholars.in/_next/static/css/db6d0f3478b7cce7.css]
[www.uscholars.in/_next/static/chunks/pages/services/student-bank-account-52d97fa0cb6b08be.js]
[www.uscholars.in/_next/Student_Bank_Account_3876f.png]
[www.uscholars.in/_next/1920c.png]
[www.uscholars.in/_next/251d5.png]
[www.uscholars.in/_next/387c9.png]
[www.uscholars.in/_next/Benefitscc91.png]
[www.uscholars.in/_next/Group_10000029904b91.png]
[www.uscholars.in/_next/step1c69d.png]
[www.uscholars.in/images/student-bank-account-page/green-arrow-forward.svg]
[www.uscholars.in/_next/step2957e.png]
[www.uscholars.in/_next/step3bbc1.png]
[www.uscholars.in/_next/minus149a.png]
[www.uscholars.in/services/student-bank-account.html]
[www.uscholars.in/_next/static/css/47899c749b66fd16.css]
[www.uscholars.in/_next/static/chunks/pages/study-abroad/[slug]-9478138a9408261a.js]
[www.uscholars.in/_next/UK_26a4f.png]
[www.uscholars.in/_next/World_Class_Education_33441.png]
[www.uscholars.in/_next/Diverse_Range_of_Courses_2ef72.png]
[www.uscholars.in/_next/Multicultural_Environment_2bf82.png]
[www.uscholars.in/_next/Work_Opportunities_29fa2.png]
[www.uscholars.in/_next/Accessible_Funding_Opportunities_23098.png]
[www.uscholars.in/_next/Cultural_Enrichment_29ee5.png]
[www.uscholars.in/_next/kings-8489564479-oeac2.jpeg]
[www.uscholars.in/_next/view-University-of-Oxford-England-Oxfordshire_JEonztH0141.jpeg]
[www.uscholars.in/_next/download_DeVwHkH3a7a.jpeg]
[www.uscholars.in/universities5ec1.html]
[www.uscholars.in/_next/Rectangle_4665_37VIYoB5758.png]
[www.uscholars.in/_next/Rectangle_4665_1_FESWrAv355e.png]
[www.uscholars.in/_next/Scholarship_1_dfQgZJY6250.png]
[www.uscholars.in/_next/Social_CRwuXuJff0d.jpeg]
[www.uscholars.in/_next/Gates-Tile-1800x1200-UPDATED-1200x800_LxawkHyf8d2.png]
[www.uscholars.in/_next/Accommodation_1_BmVOfVw65e0.png]
[www.uscholars.in/_next/Utilities_2_wLHF6ngb3b2.png]
[www.uscholars.in/_next/Food_2_UDCtHLOd385.png]
[www.uscholars.in/_next/Transportation_1_Kr3uZ771588.png]
[www.uscholars.in/_next/Internet_and_Mobile_Phone_Pzz6HZv1ae4.png]
[www.uscholars.in/_next/55013752f2c.png]
[www.uscholars.in/_next/Rectangle_4634_gVkReXK2e46.png]
[www.uscholars.in/_next/intake-arrow792f.png]
[www.uscholars.in/_next/all_country_flag_illustartion-023b3c.png]
[www.uscholars.in/_next/Academic_Excellence3e47.png]
[www.uscholars.in/_next/Global_Recognition396a.png]
[www.uscholars.in/_next/Multicultural_Environmentba92.png]
[www.uscholars.in/study-abroad/study-in-uk.html]
[www.uscholars.in/_next/USA_150b4.png]
[www.uscholars.in/_next/high_qality_education_2a2d4.png]
[www.uscholars.in/_next/Diverse_Academic_2797c.png]
[www.uscholars.in/_next/Career_Opportunities_2a4d9.png]
[www.uscholars.in/_next/Cultural_Experience_2e87c.png]
[www.uscholars.in/_next/Flexibility_2ece7.png]
[www.uscholars.in/_next/Research_and_Innovation_26cc3.png]
[www.uscholars.in/_next/091520_Stock_KS_025-1200x630629d.jpeg]
[www.uscholars.in/_next/Campus_Aerial_2-min3d41.png]
[www.uscholars.in/_next/1533535408phpRuopAS7e49.jpeg]
[www.uscholars.in/universities7723.html]
[www.uscholars.in/_next/all_country_flag_illustartion-0336c2.png]
[www.uscholars.in/_next/Flexibility_and_Choicedab0.png]
[www.uscholars.in/_next/Innovation51a0.png]
[www.uscholars.in/_next/Internship_Opportunitiesf27d.png]
[www.uscholars.in/study-abroad/study-in-usa.html]
[www.uscholars.in/_next/IRELAND_29d27.png]
[www.uscholars.in/_next/high_qality_education_2_hX0Z3eN7ec4.png]
[www.uscholars.in/_next/Cultural_Experience_2_j7clw2U8f30.png]
[www.uscholars.in/_next/Safe_and_Welcoming_Environment_YNHy4F1c739.png]
[www.uscholars.in/_next/Career_Opportunities_2_7qd2qsZ8e90.png]
[www.uscholars.in/_next/Beautiful_and_Diverse_Country_WQPji8F3664.png]
[www.uscholars.in/_next/Cultural_Enrichment_2_brsKh2fa89e.png]
[www.uscholars.in/_next/University-of-Dublin-Irelande7c0.jpeg]
[www.uscholars.in/_next/UCD_20179f3e.jpeg]
[www.uscholars.in/_next/University-College-Cork-hero-image1066.png]
[www.uscholars.in/_next/2269-057d24c4.jpeg]
[www.uscholars.in/_next/download_vLuLpht25cc.jpeg]
[www.uscholars.in/_next/1664883749phpmwMWmw50a8.jpeg]
[www.uscholars.in/_next/glucksman-library-810x456446d.png]
[www.uscholars.in/_next/DIT-1000x500d507.jpeg]
[www.uscholars.in/universities6b0d.html]
[www.uscholars.in/_next/all_country_flag_illustartion-049482.png]
[www.uscholars.in/_next/Rich_History_and_Cultured823.png]
[www.uscholars.in/_next/Safe_and_Stable_Environmentac7e.png]
[www.uscholars.in/_next/Friendly_People4e10.png]
[www.uscholars.in/study-abroad/study-in-ireland.html]
[www.uscholars.in/_next/banner_n5KbHeW6c90.png]
[www.uscholars.in/_next/Quality_Educationd501.png]
[www.uscholars.in/_next/Affordable_Tuitionb7ed.png]
[www.uscholars.in/_next/Safe_and_Welcoming_Environment8379.png]
[www.uscholars.in/_next/Access_to_Work_Opportunitiesb8a0.png]
[www.uscholars.in/_next/Beautiful_and_Diverse_Countrye882.png]
[www.uscholars.in/_next/Pathway_to_Permanent_Residencyfee0.png]
[www.uscholars.in/_next/University_of_Alberta3add.jpeg]
[www.uscholars.in/_next/University_of_British_Columbia0ad1.jpeg]
[www.uscholars.in/_next/University_of_Toronto4b7c.jpeg]
[www.uscholars.in/_next/University_of_Waterloo4f5a.png]
[www.uscholars.in/_next/University_of_Calgary7a1d.jpeg]
[www.uscholars.in/_next/Simon_Fraser_Universitya699.jpeg]
[www.uscholars.in/universitiesbfc1.html]
[www.uscholars.in/_next/all_country_flag_illustartion-05c828.png]
[www.uscholars.in/_next/Quality_of_Education8302.png]
[www.uscholars.in/_next/Safety_and_Securitydf60.png]
[www.uscholars.in/_next/Multicultural_Society_KnSViAL8e8b.png]
[www.uscholars.in/_next/costeed2.png]
[www.uscholars.in/study-abroad/study-in-canada.html]
[www.uscholars.in/_next/AUS_18ae0.png]
[www.uscholars.in/_next/Quality_Education_BqQj3gW6eee.png]
[www.uscholars.in/_next/Diverse_Course_Offeringsce21.png]
[www.uscholars.in/_next/Cultural_Diversityda2f.png]
[www.uscholars.in/_next/Work_Opportunities3d7f.png]
[www.uscholars.in/_next/Beautiful_and_Safe_Countryf1f0.png]
[www.uscholars.in/_next/Pathways_to_Permanent_Residencya2ca.png]
[www.uscholars.in/_next/all_country_flag_illustartion-0108bd.png]
[www.uscholars.in/_next/Affordable_Education9b20.png]
[www.uscholars.in/_next/Multicultural_Societyf26d.png]
[www.uscholars.in/_next/Support_for_International_Students3695.png]
[www.uscholars.in/study-abroad/study-in-australia.html]
[www.uscholars.in/_next/NEWZEALAND41b1.png]
[www.uscholars.in/_next/Quality_Education_hkh5X8Vb55e.png]
[www.uscholars.in/_next/Affordable_Education_0H0GFKi7c0e.png]
[www.uscholars.in/_next/Safe_and_Stable_Environment4709.png]
[www.uscholars.in/_next/Work_Opportunities_b2x37eR27f6.png]
[www.uscholars.in/_next/Safe_and_Stable_Environment_WvqSKwxe447.png]
[www.uscholars.in/_next/Cultural_Diversity_12044.png]
[www.uscholars.in/_next/all_country_flag_illustartion-060d24.png]
[www.uscholars.in/_next/English_Language_1_MfajIsRd50e.png]
[www.uscholars.in/_next/Career_Opportunities_2ad1f.png]
[www.uscholars.in/_next/hikinga6be.png]
[www.uscholars.in/study-abroad/study-in-new-zealand.html]
[www.uscholars.in/_next/static/css/593f6678ffea9e76.css]
[www.uscholars.in/_next/static/chunks/d7eeaac4-aa490d306937c944.js]
[www.uscholars.in/_next/static/chunks/670-56d857e097ed7cd4.js]
[www.uscholars.in/_next/static/chunks/pages/universities-e8c0e7834b824f06.js]
[www.uscholars.in/_next/uk_university_imagec53c.jpeg]
[www.uscholars.in/_next/university-of-aberdeen-logo-vector4ac4.png]
[www.uscholars.in/enquirya561.html]
[www.uscholars.in/universities/profile/aberdeen-university.html]
[www.uscholars.in/_next/abertay_logoe206.png]
[www.uscholars.in/enquiry3dfd.html]
[www.uscholars.in/universities/profile/abertay-university.html]
[www.uscholars.in/_next/Aber_Uni_logo27d4.jpeg]
[www.uscholars.in/enquiryb7ed.html]
[www.uscholars.in/universities/profile/aberystwyth-university.html]
[www.uscholars.in/_next/anglia-ruskin-university-logo3485.png]
[www.uscholars.in/enquiry60e6.html]
[www.uscholars.in/universities/profile/anglia-ruskin-university.html]
[www.uscholars.in/_next/AUB3c25.jpeg]
[www.uscholars.in/enquirye546.html]
[www.uscholars.in/universities/profile/arts-university-bournemouth.html]
[www.uscholars.in/_next/image_19f5cb.png]
[www.uscholars.in/enquiry1978.html]
[www.uscholars.in/universities/profile/aston-university.html]
[www.uscholars.in/_next/Bangor-University682d.png]
[www.uscholars.in/enquiry2141.html]
[www.uscholars.in/universities/profile/bangor-business-school.html]
[www.uscholars.in/_next/Bangor-University_rHrHY3A99e8.png]
[www.uscholars.in/enquiry635f.html]
[www.uscholars.in/universities/profile/bangor-university.html]
[www.uscholars.in/_next/bsu-logo2de7.png]
[www.uscholars.in/enquiry711e.html]
[www.uscholars.in/universities/profile/bath-spa-university.html]
[www.uscholars.in/_next/241251418_10161678660388298_3757686201191116876_n1467.png]
[www.uscholars.in/enquiryd6cc.html]
[www.uscholars.in/universities/profile/bayes-business-school.html]
[www.uscholars.in/_next/bbklogo5d9d.jpeg]
[www.uscholars.in/enquiryc1c6.html]
[www.uscholars.in/universities/profile/birkbeck-university-of-london.html]
[www.uscholars.in/_next/download4bf2.jpeg]
[www.uscholars.in/enquirya33a.html]
[www.uscholars.in/universities/profile/birmingham-city-university.html]
[www.uscholars.in/_next/bournemouth-university-logo384e.gif]
[www.uscholars.in/enquiry9d70.html]
[www.uscholars.in/universities/profile/bournemouth-university.html]
[www.uscholars.in/_next/BPP-University-logo346a.jpeg]
[www.uscholars.in/enquiry047b.html]
[www.uscholars.in/universities/profile/bpp-university-limited.html]
[www.uscholars.in/_next/download_vnU0GFXeb3b.png]
[www.uscholars.in/enquiryd830.html]
[www.uscholars.in/universities/profile/brunel-university-london.html]
[www.uscholars.in/_next/Cambridge-Education-Group-a30d.png]
[www.uscholars.in/enquiryd7c4.html]
[www.uscholars.in/universities/profile/cambridge-education-group.html]
[www.uscholars.in/_next/ccc354b.png]
[www.uscholars.in/enquiry877d.html]
[www.uscholars.in/universities/profile/canterbury-christ-church-university.html]
[www.uscholars.in/_next/cmu-blue-logofebe.gif]
[www.uscholars.in/enquiryb75a.html]
[www.uscholars.in/universities/profile/cardiff-metropolitan-university.html]
[www.uscholars.in/_next/download1a79.png]
[www.uscholars.in/enquiry39b9.html]
[www.uscholars.in/universities/profile/cardiff-university.html]
[www.uscholars.in/_next/city_unid3ab.png]
[www.uscholars.in/enquiry62e1.html]
[www.uscholars.in/universities.html]
[www.uscholars.in/universities/profile/city-university.html]
[www.uscholars.in/_next/static/css/c9e33f857139d272.css]
[www.uscholars.in/_next/static/css/99ba0686cf043849.css]
[www.uscholars.in/_next/static/chunks/pages/[location]-dc863b6f4f1793ce.js]
[www.uscholars.in/_next/image-1_1a4d0.png]
[www.uscholars.in/_next/Illustrations_-_Why_Study_in_UK_Consultants_in_Mumbai-045ed1.png]
[www.uscholars.in/_next/Illustrations_-_Why_Study_in_UK_Consultants_in_Mumbai-02_Klb4BXV4ea1.png]
[www.uscholars.in/_next/Illustrations_-_Why_Study_in_UK_Consultants_in_Mumbai-01_DJsEHX2531a.png]
[www.uscholars.in/_next/Illustrations_-_Why_Study_in_UK_Consultants_in_Mumbai-03_E7GYwzF7622.png]
[www.uscholars.in/_next/fb72ac.png]
[www.uscholars.in/_next/twitterbc6c.png]
[www.uscholars.in/_next/instagram9537.png]
[www.uscholars.in/_next/map-pune9994.png]
[www.uscholars.in/study-abroad-consultant-pune.html]
[www.uscholars.in/_next/image_22983f.png]
[www.uscholars.in/_next/Illustrations_-_Why_Study_in_UK_Consultants_in_Mumbai-04_vqZibjac7f6.png]
[www.uscholars.in/_next/Illustrations_-_Why_Study_in_UK_Consultants_in_Mumbai-02_jtkOjO467f8.png]
[www.uscholars.in/_next/Illustrations_-_Why_Study_in_UK_Consultants_in_Mumbai-01_Qg1eabX38f2.png]
[www.uscholars.in/_next/Illustrations_-_Why_Study_in_UK_Consultants_in_Mumbai-03_11c86.png]
[www.uscholars.in/_next/map-mumbai25ec.png]
[www.uscholars.in/study-abroad-consultant-mumbai.html]
[www.uscholars.in/_next/image_23fe41.png]
[www.uscholars.in/_next/Illustrations_-_Why_Study_in_UK_Consultants_in_Mumbai-04_43Hsg8Gc737.png]
[www.uscholars.in/_next/Illustrations_-_Why_Study_in_UK_Consultants_in_Mumbai-025db0.png]
[www.uscholars.in/_next/Illustrations_-_Why_Study_in_UK_Consultants_in_Mumbai-016596.png]
[www.uscholars.in/_next/Illustrations_-_Why_Study_in_UK_Consultants_in_Mumbai-03669d.png]
[www.uscholars.in/_next/map-vadodara13c9.png]
[www.uscholars.in/study-abroad-consultant-vadodara.html]
[www.uscholars.in/_next/static/css/cae601b49f41a716.css]
[www.uscholars.in/_next/static/chunks/pages/contact-us-6f3e4828cc523133.js]
[www.uscholars.in/_next/service_hero2841.jpeg]
[www.uscholars.in/contact-us.html]
[www.uscholars.in/_next/static/css/b2c9260ab07a0d50.css]
[www.uscholars.in/_next/static/chunks/pages/about-us-cd5168844d462eeb.js]
[www.uscholars.in/_next/service_herob596.jpeg]
[www.uscholars.in/about-us.html]
[www.uscholars.in/_next/static/css/ea8d16df0760f4b4.css]
[www.uscholars.in/enquiry.html]
[www.uscholars.in/_/images/blurred.html]
[www.uscholars.in/images/arrow_back_ios.svg]
[www.uscholars.in/images/arrow_forward_ios.svg]
[www.uscholars.in/student-scholarships.html]
[www.uscholars.in/_next/static/chunks/pages/enquiry-c19d6ed1acd5ffa7.js]
[www.uscholars.in/_next/static/css/5e29b29b5d6e0ba0.css]
[www.uscholars.in/_next/static/chunks/pages/uk-student-scholarships-639a96c4b99d866e.js]
[www.uscholars.in/_next/banner8897.png]
[www.uscholars.in/_next/Scholarship_banner441b.png]
[www.uscholars.in/_next/Group_12482_159ce.png]
[www.uscholars.in/_next/steps-mobile32e6.png]
[www.uscholars.in/uk-student-scholarships.html]
[www.uscholars.in/_next/static/css/49ba72e9fb7db5af.css]
[www.uscholars.in/_next/static/chunks/pages/how-it-works-2028c2ac02b0b106.js]
[www.uscholars.in/_next/bandeau_nousconnaitre-1-1540x41482f9.jpeg]
[www.uscholars.in/_next/how-it-works-image8f42.png]
[www.uscholars.in/how-it-works.html]
[www.uscholars.in/_next/static/css/2dbbed464ebef60c.css]
[www.uscholars.in/_next/static/chunks/pages/why-study-abroad-9f0f782efa64de67.js]
[www.uscholars.in/_next/edited-156e9.jpeg]
[www.uscholars.in/why-study-abroad.html]
[www.uscholars.in/_next/static/css/f674cdb1cdf1b537.css]
[www.uscholars.in/_next/static/chunks/pages/blog-f842fef312decb9b.js]
[www.uscholars.in/blog/student-accommodation-for-indian-students-in-uk.html]
[www.uscholars.in/_next/Student_Accommodation_for_Indian8c63.jpeg]
[www.uscholars.in/blog.html]
[www.uscholars.in/_next/static/css/9d67dfe3ef0537ee.css]
[www.uscholars.in/_next/static/css/df5a53f9daba5a24.css]
[www.uscholars.in/_next/static/css/db6d0f3478b7cce7.css]
[www.uscholars.in/images/student-bank-account-page/green-arrow-forward.svg]
[www.uscholars.in/_next/static/css/47899c749b66fd16.css]
[www.uscholars.in/universities5ec1.html]
[www.uscholars.in/universities6e13.html]
[www.uscholars.in/_next/Screenshot_2023-04-05_174121a0a4.png]
[www.uscholars.in/enquiry9199.html]
[www.uscholars.in/universities/profile/adelphi-university.html]
[www.uscholars.in/_next/Captura-de-Tela-2019-10-14-as-1325f0.png]
[www.uscholars.in/enquiry1c72.html]
[www.uscholars.in/universities/profile/american-collegiate-dc.html]
[www.uscholars.in/_next/ACLA_logomark_dark-gray3932.jpeg]
[www.uscholars.in/enquiry0902.html]
[www.uscholars.in/universities/profile/american-collegiate-la.html]
[www.uscholars.in/_next/images_V8MZIr85580.png]
[www.uscholars.in/enquiry228c.html]
[www.uscholars.in/universities/profile/american-university.html]
[www.uscholars.in/_next/Auburn_University7d00.jpeg]
[www.uscholars.in/enquiry8a4b.html]
[www.uscholars.in/universities/profile/auburn-university.html]
[www.uscholars.in/_next/AUM-Logo85de.png]
[www.uscholars.in/enquiry1100.html]
[www.uscholars.in/universities/profile/auburn-university-at-montgomery.html]
[www.uscholars.in/_next/ac-logo-black7a80.jpeg]
[www.uscholars.in/enquiry6c7e.html]
[www.uscholars.in/universities/profile/austin-college.html]
[www.uscholars.in/_next/Barton-College-Logo66b3.png]
[www.uscholars.in/enquiry7819.html]
[www.uscholars.in/universities/profile/barton-college.html]
[www.uscholars.in/_next/belmont-university-300x30067b2.png]
[www.uscholars.in/enquiry8477.html]
[www.uscholars.in/universities/profile/belmont-university.html]
[www.uscholars.in/_next/Blackburn_Logo__W-150_f517.jpeg]
[www.uscholars.in/enquiry671f.html]
[www.uscholars.in/universities/profile/blackburn-college.html]
[www.uscholars.in/_next/Bridgewater_College_logoc23d.jpeg]
[www.uscholars.in/enquiry5932.html]
[www.uscholars.in/universities/profile/bridgewater-college.html]
[www.uscholars.in/_next/Central_Methodist_University_Logo7742.png]
[www.uscholars.in/enquiry1c97.html]
[www.uscholars.in/universities/profile/central-methodist-university.html]
[www.uscholars.in/_next/Cleveland_State_University_logo674d.png]
[www.uscholars.in/enquiryb548.html]
[www.uscholars.in/universities/profile/cleveland-state-university.html]
[www.uscholars.in/_next/Cornish_College_of_the_Arts_Logoba97.png]
[www.uscholars.in/enquiry5b15.html]
[www.uscholars.in/universities/profile/cornish-college-of-the-arts.html]
[www.uscholars.in/_next/Edgewood_College_logo5254.jpeg]
[www.uscholars.in/enquirya78f.html]
[www.uscholars.in/universities/profile/edgewood-college.html]
[www.uscholars.in/_next/Eureka_College_with_Shield_-_no_taglineRGB55eb.png]
[www.uscholars.in/enquiry142f.html]
[www.uscholars.in/universities/profile/eureka-college.html]
[www.uscholars.in/_next/fairfield-university-vector-logo8e07.png]
[www.uscholars.in/enquiry801a.html]
[www.uscholars.in/universities/profile/fairfield-university.html]
[www.uscholars.in/_next/Florida_International_University_Logo8c55.png]
[www.uscholars.in/enquiryb9f3.html]
[www.uscholars.in/universities/profile/florida-international-university.html]
[www.uscholars.in/_next/download_4_faDSM4c8f18.png]
[www.uscholars.in/enquiry5378.html]
[www.uscholars.in/universities/profile/gonzaga-university.html]
[www.uscholars.in/_next/Logo_White-1536x5310c97.png]
[www.uscholars.in/enquiryb351.html]
[www.uscholars.in/universities7723.html]
[www.uscholars.in/universities/profile/hiram-college.html]
[www.uscholars.in/_next/dbs278f.png]
[www.uscholars.in/enquiry2b39.html]
[www.uscholars.in/universities/profile/dublin-business-school.html]
[www.uscholars.in/_next/DCU_logob5ed.png]
[www.uscholars.in/enquiry1f8b.html]
[www.uscholars.in/universities/profile/dublin-city-university.html]
[www.uscholars.in/_next/TU-Dublin0996.jpeg]
[www.uscholars.in/enquiry9608.html]
[www.uscholars.in/universities/profile/dublin-institute-of-technology.html]
[www.uscholars.in/_next/GC274a.png]
[www.uscholars.in/enquiry65e3.html]
[www.uscholars.in/universities/profile/griffith-college-dublin.html]
[www.uscholars.in/_next/download_978b8.jpeg]
[www.uscholars.in/enquiry4e01.html]
[www.uscholars.in/universities/profile/limerick-university.html]
[www.uscholars.in/_next/MUNUae7e.png]
[www.uscholars.in/enquiry9e4f.html]
[www.uscholars.in/_next/nciLogo4fe7.png]
[www.uscholars.in/universities/profile/maynooth-university.html]
[www.uscholars.in/enquiryb611.html]
[www.uscholars.in/universities/profile/national-college-of-Ireland.html]
[www.uscholars.in/_next/UIG6bca.jpeg]
[www.uscholars.in/enquiry48e8.html]
[www.uscholars.in/universities/profile/national-university-of-Ireland.html]
[www.uscholars.in/_next/Trinity_Main_Logo50f9.jpeg]
[www.uscholars.in/enquirye6a9.html]
[www.uscholars.in/universities/profile/trinity-college-dublin.html]
[www.uscholars.in/_next/ucc-logo1618c.jpeg]
[www.uscholars.in/enquiryd348.html]
[www.uscholars.in/universities/profile/university-college-cork.html]
[www.uscholars.in/_next/university-college-dublin80f7.jpeg]
[www.uscholars.in/enquiry4c1d.html]
[www.uscholars.in/universities6b0d.html]
[www.uscholars.in/universities/profile/university-college-dublin.html]
[www.uscholars.in/_next/logo_upload_bWSBauef00a.png]
[www.uscholars.in/enquiry0ec9.html]
[www.uscholars.in/universities/profile/alexander-college.html]
[www.uscholars.in/_next/1200px-BCIT_logo4e37.png]
[www.uscholars.in/enquiryec47.html]
[www.uscholars.in/universities/profile/british-columbia-institute-of-technology.html]
[www.uscholars.in/_next/CCTB_logo_1_RGBdc32.png]
[www.uscholars.in/enquiry89df.html]
[www.uscholars.in/universities/profile/canadian-college-of-technology-and-business.html]
[www.uscholars.in/_next/Cape-Breton-Logo2f49.png]
[www.uscholars.in/enquiry050a.html]
[www.uscholars.in/universities/profile/cape-breton-university.html]
[www.uscholars.in/_next/download_4_AgIGLjR75da.png]
[www.uscholars.in/enquiry5cb2.html]
[www.uscholars.in/universities/profile/cumberland-college.html]
[www.uscholars.in/_next/logoeaba.png]
[www.uscholars.in/enquiry1f70.html]
[www.uscholars.in/universities/profile/fanshawe-college.html]
[www.uscholars.in/_next/fleming_20190318191914_05a5d.jpeg]
[www.uscholars.in/enquiry1f5c.html]
[www.uscholars.in/universities/profile/fleming-college.html]
[www.uscholars.in/_next/1651750291_fleming-toronto-logo-stacked-col-bk8b4d.jpeg]
[www.uscholars.in/enquiryfcd4.html]
[www.uscholars.in/universities/profile/fleming-college-toronto.html]
[www.uscholars.in/_next/GPC_logo_full_colour_half_600xb5e8.png]
[www.uscholars.in/enquiry1d85.html]
[www.uscholars.in/universities/profile/great-plains-college.html]
[www.uscholars.in/_next/humber_20190318192628_08a95.jpeg]
[www.uscholars.in/enquiry63b2.html]
[www.uscholars.in/universities/profile/humber-college.html]
[www.uscholars.in/_next/file6b76.jpeg]
[www.uscholars.in/enquirycd9e.html]
[www.uscholars.in/universities/profile/mcGill-university.html]
[www.uscholars.in/_next/NCT-logo-horizontal-1024x32377be.png]
[www.uscholars.in/enquiry6b1a.html]
[www.uscholars.in/universities/profile/niagara-college-toronto.html]
[www.uscholars.in/_next/NorQuest-Logo-RGB-Colour3c60.png]
[www.uscholars.in/enquiry2866.html]
[www.uscholars.in/universities/profile/norquest-college.html]
[www.uscholars.in/_next/logo41edd.png]
[www.uscholars.in/enquiry207e.html]
[www.uscholars.in/universities/profile/north-west-college.html]
[www.uscholars.in/_next/NSCAD_Logobbc7.png]
[www.uscholars.in/enquirye7f3.html]
[www.uscholars.in/universities/profile/nscad-university.html]
[www.uscholars.in/_next/Parkland_college_logo8ebe.png]
[www.uscholars.in/enquiryadcd.html]
[www.uscholars.in/universities/profile/parkland-college.html]
[www.uscholars.in/_next/curlmjeh5c0tpt03vcbg8dc7.png]
[www.uscholars.in/enquiryc368.html]
[www.uscholars.in/universities/profile/simon-fraser-university.html]
[www.uscholars.in/_next/southeast-college2bdb.png]
[www.uscholars.in/enquiry86c0.html]
[www.uscholars.in/universities/profile/southeast-college.html]
[www.uscholars.in/_next/St_Laurence_College_logofed6.png]
[www.uscholars.in/enquiryf45e.html]
[www.uscholars.in/universities/profile/st-lawrence-college.html]
[www.uscholars.in/_next/download_n6bSpEi3165.png]
[www.uscholars.in/enquiry8fe5.html]
[www.uscholars.in/universitiesbfc1.html]
[www.uscholars.in/_next/static/css/593f6678ffea9e76.css]
[www.uscholars.in/enquirya561.html]
[www.uscholars.in/universities/profile/toronto-metropolitan-university.html]
[www.uscholars.in/_next/static/css/cc8d094bd018cc3e.css]
[www.uscholars.in/_next/static/chunks/pages/universities/profile/[slug]-9ba46fbf3826255e.js]
[www.uscholars.in/_next/best_uni_imaged1ae.png]
[www.uscholars.in/universities/profile/aberdeen-university.html]
[www.uscholars.in/enquiry3dfd.html]
[www.uscholars.in/_next/best_uni_image_GgoLyN01f47.png]
[www.uscholars.in/universities/profile/abertay-university.html]
[www.uscholars.in/enquiryb7ed.html]
[www.uscholars.in/_next/best_uni_image_SpCVMsca255.png]
[www.uscholars.in/universities/profile/aberystwyth-university.html]
[www.uscholars.in/enquiry60e6.html]
[www.uscholars.in/_next/anglia-ruskin-university-logo23fe.png]
[www.uscholars.in/universities/profile/anglia-ruskin-university.html]
[www.uscholars.in/enquirye546.html]
[www.uscholars.in/_next/AUB6660.jpeg]
[www.uscholars.in/universities/profile/arts-university-bournemouth.html]
[www.uscholars.in/enquiry1978.html]
[www.uscholars.in/_next/service_hero_TmVlIxafce2.jpeg]
[www.uscholars.in/_next/wide-bannerb0b6.jpeg]
[www.uscholars.in/_next/aston-university-commonwealth-games-home-hero286e.jpeg]
[www.uscholars.in/_next/the-hub-banner-2b0dc.jpeg]
[www.uscholars.in/_next/accommodation-banner3971.jpeg]
[www.uscholars.in/universities/profile/aston-university.html]
[www.uscholars.in/enquiry2141.html]
[www.uscholars.in/_next/Bangor-University619f.png]
[www.uscholars.in/universities/profile/bangor-business-school.html]
[www.uscholars.in/enquiry635f.html]
[www.uscholars.in/_next/Bangor-University_rHrHY3A175e.png]
[www.uscholars.in/universities/profile/bangor-university.html]
[www.uscholars.in/enquiry711e.html]
[www.uscholars.in/_next/bsu-logo4425.png]
[www.uscholars.in/universities/profile/bath-spa-university.html]
[www.uscholars.in/enquiryd6cc.html]
[www.uscholars.in/_next/241251418_10161678660388298_3757686201191116876_n4edb.png]
[www.uscholars.in/universities/profile/bayes-business-school.html]
[www.uscholars.in/enquiryc1c6.html]
[www.uscholars.in/_next/bbklogoa209.jpeg]
[www.uscholars.in/universities/profile/birkbeck-university-of-london.html]
[www.uscholars.in/enquirya33a.html]
[www.uscholars.in/_next/downloadee42.jpeg]
[www.uscholars.in/universities/profile/birmingham-city-university.html]
[www.uscholars.in/enquiry9d70.html]
[www.uscholars.in/_next/bournemouth-university-logo715e.gif]
[www.uscholars.in/universities/profile/bournemouth-university.html]
[www.uscholars.in/enquiry047b.html]
[www.uscholars.in/_next/BPP-University-logo2d99.jpeg]
[www.uscholars.in/universities/profile/bpp-university-limited.html]
[www.uscholars.in/enquiryd830.html]
[www.uscholars.in/_next/download_vnU0GFX2e49.png]
[www.uscholars.in/universities/profile/brunel-university-london.html]
[www.uscholars.in/enquiryd7c4.html]
[www.uscholars.in/_next/Cambridge-Education-Group-f113.png]
[www.uscholars.in/universities/profile/cambridge-education-group.html]
[www.uscholars.in/enquiry877d.html]
[www.uscholars.in/_next/cccf2ff.png]
[www.uscholars.in/universities/profile/canterbury-christ-church-university.html]
[www.uscholars.in/enquiryb75a.html]
[www.uscholars.in/_next/cmu-blue-logoc5b7.gif]
[www.uscholars.in/universities/profile/cardiff-metropolitan-university.html]
[www.uscholars.in/enquiry39b9.html]
[www.uscholars.in/_next/download4415.png]
[www.uscholars.in/universities/profile/cardiff-university.html]
[www.uscholars.in/enquiry62e1.html]
[www.uscholars.in/_next/city_uni9621.png]
[www.uscholars.in/universities/profile/city-university.html]
[www.uscholars.in/_next/static/css/c9e33f857139d272.css]
[www.uscholars.in/_next/static/css/99ba0686cf043849.css]
[www.uscholars.in/_next/static/css/cae601b49f41a716.css]
[www.uscholars.in/_next/static/css/b2c9260ab07a0d50.css]
[www.uscholars.in/_next/static/css/ea8d16df0760f4b4.css]
[www.uscholars.in/_next/static/css/5e29b29b5d6e0ba0.css]
[www.uscholars.in/_next/static/css/49ba72e9fb7db5af.css]
[www.uscholars.in/_next/static/css/2dbbed464ebef60c.css]
[www.uscholars.in/_next/static/css/f674cdb1cdf1b537.css]
[www.uscholars.in/_next/static/css/2c0986ab25d8fe97.css]
[www.uscholars.in/blog/student-accommodation-for-indian-students-in-uk.html]
[www.uscholars.in/universities6e13.html]
[www.uscholars.in/enquiry9199.html]
[www.uscholars.in/_next/static/chunks/pages/blog/[slug]-6e734867404d4119.js]
[www.uscholars.in/_next/Screenshot_2023-04-05_174121264a.png]
[www.uscholars.in/universities/profile/adelphi-university.html]
[www.uscholars.in/enquiry1c72.html]
[www.uscholars.in/_next/American_Collegiate_DC_Gallery_campusf796.png]
[www.uscholars.in/universities/profile/american-collegiate-dc.html]
[www.uscholars.in/enquiry0902.html]
[www.uscholars.in/_next/American_Collegiate_LAbef1.jpeg]
[www.uscholars.in/universities/profile/american-collegiate-la.html]
[www.uscholars.in/enquiry228c.html]
[www.uscholars.in/_next/Campus-Visit_116ca.jpeg]
[www.uscholars.in/universities/profile/american-university.html]
[www.uscholars.in/enquiry8a4b.html]
[www.uscholars.in/_next/Auburn_University437a.png]
[www.uscholars.in/universities/profile/auburn-university.html]
[www.uscholars.in/enquiry1100.html]
[www.uscholars.in/_next/Building-Image-of-AVMa931.jpeg]
[www.uscholars.in/universities/profile/auburn-university-at-montgomery.html]
[www.uscholars.in/enquiry6c7e.html]
[www.uscholars.in/_next/Austin_College8645.jpeg]
[www.uscholars.in/universities/profile/austin-college.html]
[www.uscholars.in/enquiry7819.html]
[www.uscholars.in/_next/Barton_College46f1.jpeg]
[www.uscholars.in/universities/profile/barton-college.html]
[www.uscholars.in/enquiry8477.html]
[www.uscholars.in/_next/Belmont_University5ae6.jpeg]
[www.uscholars.in/universities/profile/belmont-university.html]
[www.uscholars.in/enquiry671f.html]
[www.uscholars.in/_next/Hudson_Halldc9b.jpeg]
[www.uscholars.in/universities/profile/blackburn-college.html]
[www.uscholars.in/enquiry5932.html]
[www.uscholars.in/_next/Bridgewater_Collegef3f3.png]
[www.uscholars.in/universities/profile/bridgewater-college.html]
[www.uscholars.in/enquiry1c97.html]
[www.uscholars.in/_next/Central_Methodist_Universityce6d.jpeg]
[www.uscholars.in/universities/profile/central-methodist-university.html]
[www.uscholars.in/enquiryb548.html]
[www.uscholars.in/_next/Cleveland_State_University0728.png]
[www.uscholars.in/universities/profile/cleveland-state-university.html]
[www.uscholars.in/enquiry5b15.html]
[www.uscholars.in/_next/Cornish_College_of_the_Artsdad9.jpeg]
[www.uscholars.in/universities/profile/cornish-college-of-the-arts.html]
[www.uscholars.in/enquirya78f.html]
[www.uscholars.in/_next/Edgewood_Collegeb93e.png]
[www.uscholars.in/universities/profile/edgewood-college.html]
[www.uscholars.in/enquiry142f.html]
[www.uscholars.in/_next/Eureka_College0ff0.jpeg]
[www.uscholars.in/universities/profile/eureka-college.html]
[www.uscholars.in/enquiry801a.html]
[www.uscholars.in/_next/541077738_about_leadership-offices_cem_room-listing_banner-img_1440x_W8jIs7xf08c.jpeg]
[www.uscholars.in/universities/profile/fairfield-university.html]
[www.uscholars.in/enquiryb9f3.html]
[www.uscholars.in/_next/Florida_International_University3aba.jpeg]
[www.uscholars.in/universities/profile/florida-international-university.html]
[www.uscholars.in/enquiry5378.html]
[www.uscholars.in/_next/jundt-aerial46dd.jpeg]
[www.uscholars.in/universities/profile/gonzaga-university.html]
[www.uscholars.in/enquiryb351.html]
[www.uscholars.in/_next/NEWS_banner_hiram4242.jpeg]
[www.uscholars.in/universities/profile/hiram-college.html]
[www.uscholars.in/enquiry2b39.html]
[www.uscholars.in/_next/dbs0c2f.png]
[www.uscholars.in/universities/profile/dublin-business-school.html]
[www.uscholars.in/enquiry1f8b.html]
[www.uscholars.in/_next/2269-057d3379.jpeg]
[www.uscholars.in/universities/profile/dublin-city-university.html]
[www.uscholars.in/enquiry9608.html]
[www.uscholars.in/_next/DIT-1000x500289b.jpeg]
[www.uscholars.in/universities/profile/dublin-institute-of-technology.html]
[www.uscholars.in/enquiry65e3.html]
[www.uscholars.in/_next/GC08c8.png]
[www.uscholars.in/universities/profile/griffith-college-dublin.html]
[www.uscholars.in/enquiry4e01.html]
[www.uscholars.in/_next/glucksman-library-810x4568c5a.png]
[www.uscholars.in/universities/profile/limerick-university.html]
[www.uscholars.in/enquiry9e4f.html]
[www.uscholars.in/_next/download_vLuLpht52e9.jpeg]
[www.uscholars.in/universities/profile/maynooth-university.html]
[www.uscholars.in/enquiryb611.html]
[www.uscholars.in/_next/nciLogof421.png]
[www.uscholars.in/universities/profile/national-college-of-Ireland.html]
[www.uscholars.in/enquiry48e8.html]
[www.uscholars.in/_next/1664883749phpmwMWmw55b3.jpeg]
[www.uscholars.in/universities/profile/national-university-of-Ireland.html]
[www.uscholars.in/enquirye6a9.html]
[www.uscholars.in/_next/University-of-Dublin-Irelandd573.jpeg]
[www.uscholars.in/universities/profile/trinity-college-dublin.html]
[www.uscholars.in/enquiryd348.html]
[www.uscholars.in/_next/University-College-Cork-hero-image7c3a.png]
[www.uscholars.in/universities/profile/university-college-cork.html]
[www.uscholars.in/enquiry4c1d.html]
[www.uscholars.in/_next/UCD_2017f155.jpeg]
[www.uscholars.in/universities/profile/university-college-dublin.html]
[www.uscholars.in/enquiry0ec9.html]
[www.uscholars.in/_next/Alexander_College_Vancouverfc92.jpeg]
[www.uscholars.in/universities/profile/alexander-college.html]
[www.uscholars.in/enquiryec47.html]
[www.uscholars.in/_next/British-Columbia-Institute-of-Technology-BCIT-1030x6872136.jpeg]
[www.uscholars.in/universities/profile/british-columbia-institute-of-technology.html]
[www.uscholars.in/enquiry89df.html]
[www.uscholars.in/_next/CCTB-Campus0b64.jpeg]
[www.uscholars.in/universities/profile/canadian-college-of-technology-and-business.html]
[www.uscholars.in/enquiry050a.html]
[www.uscholars.in/_next/CBU-Header-ABOUTd327.jpeg]
[www.uscholars.in/universities/profile/cape-breton-university.html]
[www.uscholars.in/enquiry5cb2.html]
[www.uscholars.in/_next/Nipawin_Campus7904.jpeg]
[www.uscholars.in/universities/profile/cumberland-college.html]
[www.uscholars.in/enquiry1f70.html]
[www.uscholars.in/_next/fanshawe-banner7f23.jpeg]
[www.uscholars.in/universities/profile/fanshawe-college.html]
[www.uscholars.in/enquiry1f5c.html]
[www.uscholars.in/_next/myhc_3304285ad4.jpeg]
[www.uscholars.in/universities/profile/fleming-college.html]
[www.uscholars.in/enquiryfcd4.html]
[www.uscholars.in/_next/Exterior-Building53c4.jpeg]
[www.uscholars.in/universities/profile/fleming-college-toronto.html]
[www.uscholars.in/enquiry1d85.html]
[www.uscholars.in/_next/great-plains-college-1920x6721e09.jpeg]
[www.uscholars.in/universities/profile/great-plains-college.html]
[www.uscholars.in/enquiry63b2.html]
[www.uscholars.in/_next/297685ff.jpeg]
[www.uscholars.in/universities/profile/humber-college.html]
[www.uscholars.in/enquirycd9e.html]
[www.uscholars.in/_next/fileab89.jpeg]
[www.uscholars.in/universities/profile/mcGill-university.html]
[www.uscholars.in/enquiry6b1a.html]
[www.uscholars.in/_next/NCT1-1024x64389ce.jpeg]
[www.uscholars.in/universities/profile/niagara-college-toronto.html]
[www.uscholars.in/enquiry2866.html]
[www.uscholars.in/_next/norquest-collegec7c1.jpeg]
[www.uscholars.in/universities/profile/norquest-college.html]
[www.uscholars.in/enquiry207e.html]
[www.uscholars.in/_next/Battlefords_Caampus1d05.png]
[www.uscholars.in/universities/profile/north-west-college.html]
[www.uscholars.in/enquirye7f3.html]
[www.uscholars.in/_next/8ba7226d1527133b735ab78433450b2fd9fd.png]
[www.uscholars.in/universities/profile/nscad-university.html]
[www.uscholars.in/enquiryadcd.html]
[www.uscholars.in/_next/1538562274phpyXk3bo_EbtotwX851a.jpeg]
[www.uscholars.in/universities/profile/parkland-college.html]
[www.uscholars.in/enquiryc368.html]
[www.uscholars.in/_next/Simon_Fraser_University7581.jpeg]
[www.uscholars.in/universities/profile/simon-fraser-university.html]
[www.uscholars.in/enquiry86c0.html]
[www.uscholars.in/_next/weyburn-campus-exterior-1120x640bc96.jpeg]
[www.uscholars.in/universities/profile/southeast-college.html]
[www.uscholars.in/enquiryf45e.html]
[www.uscholars.in/_next/galary_image_2_16112313449327.jpeg]
[www.uscholars.in/universities/profile/st-lawrence-college.html]
[www.uscholars.in/enquiry8fe5.html]
[www.uscholars.in/_next/web-new-namedfeb.jpeg]
[www.uscholars.in/universities/profile/toronto-metropolitan-university.html]
[www.uscholars.in/_next/static/css/cc8d094bd018cc3e.css]
[www.uscholars.in/_next/static/css/2c0986ab25d8fe97.css]
